<pre>
2021/05/23 19:15:57 Scraping https://github.com/arduino-libraries/SpacebrewYun.git
2021/05/23 19:15:58 Checking out tag: 1.0.0
2021/05/23 19:15:59 <a href="https://arduino.github.io/arduino-lint/latest/">Arduino Lint</a> has suggestions for possible improvements:
<details><summary>Click to expand Arduino Lint report</summary>
<hr>
Linting library in ${git_clones_folder}/github.com/arduino-libraries/SpacebrewYun
Rule LD002 result: fail
WARNING: No license file found. See: https://docs.github.com/en/free-pro-team@latest/github/creating-cloning-and-archiving-repositories/licensing-a-repository#detecting-a-license
Rule LD004 result: fail
WARNING: No example sketches found. Please provide examples. See: https://arduino.github.io/arduino-cli/latest/library-specification/#library-examples

Finished linting project. Results:
Warning count: 2
Error count: 0
Rules passed: true

-------------------


<hr>
</details>
2021/05/23 19:15:59 Checking out tag: 1.0.1
2021/05/23 19:16:00 <a href="https://arduino.github.io/arduino-lint/latest/">Arduino Lint</a> has suggestions for possible improvements:
<details><summary>Click to expand Arduino Lint report</summary>
<hr>
Linting library in ${git_clones_folder}/github.com/arduino-libraries/SpacebrewYun
Rule LD002 result: fail
WARNING: No license file found. See: https://docs.github.com/en/free-pro-team@latest/github/creating-cloning-and-archiving-repositories/licensing-a-repository#detecting-a-license

Finished linting project. Results:
Warning count: 1
Error count: 0
Rules passed: true

-------------------

Linting sketch in ${git_clones_folder}/github.com/arduino-libraries/SpacebrewYun/examples/inputOutput

Finished linting project. Results:
Warning count: 0
Error count: 0
Rules passed: true

-------------------

Linting sketch in ${git_clones_folder}/github.com/arduino-libraries/SpacebrewYun/examples/spacebrewBoolean

Finished linting project. Results:
Warning count: 0
Error count: 0
Rules passed: true

-------------------

Linting sketch in ${git_clones_folder}/github.com/arduino-libraries/SpacebrewYun/examples/spacebrewRange

Finished linting project. Results:
Warning count: 0
Error count: 0
Rules passed: true

-------------------

Linting sketch in ${git_clones_folder}/github.com/arduino-libraries/SpacebrewYun/examples/spacebrewString

Finished linting project. Results:
Warning count: 0
Error count: 0
Rules passed: true

-------------------

Finished linting projects. Results:
Warning count: 1
Error count: 0
Rules passed: true

<hr>
</details>
2021/05/23 19:16:00 Checking out tag: 1.0.2
2021/05/23 19:16:00 <a href="https://arduino.github.io/arduino-lint/latest/">Arduino Lint</a> has suggestions for possible improvements:
<details><summary>Click to expand Arduino Lint report</summary>
<hr>
Linting library in ${git_clones_folder}/github.com/arduino-libraries/SpacebrewYun
Rule LD002 result: fail
WARNING: No license file found. See: https://docs.github.com/en/free-pro-team@latest/github/creating-cloning-and-archiving-repositories/licensing-a-repository#detecting-a-license

Finished linting project. Results:
Warning count: 1
Error count: 0
Rules passed: true

-------------------

Linting sketch in ${git_clones_folder}/github.com/arduino-libraries/SpacebrewYun/examples/inputOutput

Finished linting project. Results:
Warning count: 0
Error count: 0
Rules passed: true

-------------------

Linting sketch in ${git_clones_folder}/github.com/arduino-libraries/SpacebrewYun/examples/spacebrewBoolean

Finished linting project. Results:
Warning count: 0
Error count: 0
Rules passed: true

-------------------

Linting sketch in ${git_clones_folder}/github.com/arduino-libraries/SpacebrewYun/examples/spacebrewRange

Finished linting project. Results:
Warning count: 0
Error count: 0
Rules passed: true

-------------------

Linting sketch in ${git_clones_folder}/github.com/arduino-libraries/SpacebrewYun/examples/spacebrewString

Finished linting project. Results:
Warning count: 0
Error count: 0
Rules passed: true

-------------------

Finished linting projects. Results:
Warning count: 1
Error count: 0
Rules passed: true

<hr>
</details>

</pre>