{
  "libraries": [
    {
      "name": "ArduinoCloudThing",
      "version": "1.1.0",
      "author": "Arduino",
      "maintainer": "Arduino \u003cinfo@arduino.cc\u003e",
      "sentence": "Easly connect your Arduino/Genuino board to the Arduino Cloud",
      "paragraph": "Easly connect your Arduino/Genuino board to the Arduino Cloud",
      "website": "https://github.com/arduino-libraries/ArduinoCloud",
      "category": "Communication",
      "architectures": ["*"],
      "types": ["Arduino", "Retired"],
      "repository": "https://github.com/arduino-libraries/ArduinoCloudThing.git",
      "url": "${base_download_url}github.com/arduino-libraries/ArduinoCloudThing-1.1.0.zip",
      "archiveFileName": "ArduinoCloudThing-1.1.0.zip",
      "size": 105318,
      "checksum": "${checksum_placeholder}"
    },
    {
      "name": "ArduinoCloudThing",
      "version": "1.3.1",
      "author": "Arduino",
      "maintainer": "Arduino \u003cinfo@arduino.cc\u003e",
      "sentence": "Easly connect your Arduino/Genuino board to the Arduino Cloud",
      "paragraph": "Easly connect your Arduino/Genuino board to the Arduino Cloud",
      "website": "https://github.com/arduino-libraries/ArduinoCloudThing",
      "category": "Communication",
      "architectures": ["*"],
      "types": ["Arduino", "Retired"],
      "repository": "https://github.com/arduino-libraries/ArduinoCloudThing.git",
      "url": "${base_download_url}github.com/arduino-libraries/ArduinoCloudThing-1.3.1.zip",
      "archiveFileName": "ArduinoCloudThing-1.3.1.zip",
      "size": 222190,
      "checksum": "${checksum_placeholder}"
    },
    {
      "name": "ArduinoCloudThing",
      "version": "1.4.0",
      "author": "Arduino",
      "maintainer": "Arduino \u003cinfo@arduino.cc\u003e",
      "sentence": "Easly connect your Arduino/Genuino board to the Arduino Cloud",
      "paragraph": "Easly connect your Arduino/Genuino board to the Arduino Cloud",
      "website": "https://github.com/arduino-libraries/ArduinoCloudThing",
      "category": "Communication",
      "architectures": ["*"],
      "types": ["Arduino", "Retired"],
      "repository": "https://github.com/arduino-libraries/ArduinoCloudThing.git",
      "url": "${base_download_url}github.com/arduino-libraries/ArduinoCloudThing-1.4.0.zip",
      "archiveFileName": "ArduinoCloudThing-1.4.0.zip",
      "size": 222064,
      "checksum": "${checksum_placeholder}"
    },
    {
      "name": "ArduinoCloudThing",
      "version": "1.4.1",
      "author": "Arduino",
      "maintainer": "Arduino \u003cinfo@arduino.cc\u003e",
      "sentence": "Easly connect your Arduino/Genuino board to the Arduino Cloud",
      "paragraph": "Easly connect your Arduino/Genuino board to the Arduino Cloud",
      "website": "https://github.com/arduino-libraries/ArduinoCloudThing",
      "category": "Communication",
      "architectures": ["*"],
      "types": ["Arduino", "Retired"],
      "repository": "https://github.com/arduino-libraries/ArduinoCloudThing.git",
      "url": "${base_download_url}github.com/arduino-libraries/ArduinoCloudThing-1.4.1.zip",
      "archiveFileName": "ArduinoCloudThing-1.4.1.zip",
      "size": 221686,
      "checksum": "${checksum_placeholder}"
    },
    {
      "name": "ArduinoCloudThing",
      "version": "1.5.0",
      "author": "Arduino",
      "maintainer": "Arduino \u003cinfo@arduino.cc\u003e",
      "sentence": "Easly connect your Arduino/Genuino board to the Arduino Cloud",
      "paragraph": "Easly connect your Arduino/Genuino board to the Arduino Cloud",
      "website": "https://github.com/arduino-libraries/ArduinoCloudThing",
      "category": "Communication",
      "architectures": ["*"],
      "types": ["Arduino", "Retired"],
      "repository": "https://github.com/arduino-libraries/ArduinoCloudThing.git",
      "url": "${base_download_url}github.com/arduino-libraries/ArduinoCloudThing-1.5.0.zip",
      "archiveFileName": "ArduinoCloudThing-1.5.0.zip",
      "size": 234576,
      "checksum": "${checksum_placeholder}"
    },
    {
      "name": "ArduinoCloudThing",
      "version": "1.5.1",
      "author": "Arduino",
      "maintainer": "Arduino \u003cinfo@arduino.cc\u003e",
      "sentence": "Easly connect your Arduino/Genuino board to the Arduino Cloud",
      "paragraph": "Easly connect your Arduino/Genuino board to the Arduino Cloud",
      "website": "https://github.com/arduino-libraries/ArduinoCloudThing",
      "category": "Communication",
      "architectures": ["*"],
      "types": ["Arduino", "Retired"],
      "repository": "https://github.com/arduino-libraries/ArduinoCloudThing.git",
      "url": "${base_download_url}github.com/arduino-libraries/ArduinoCloudThing-1.5.1.zip",
      "archiveFileName": "ArduinoCloudThing-1.5.1.zip",
      "size": 235029,
      "checksum": "${checksum_placeholder}"
    },
    {
      "name": "ArduinoCloudThing",
      "version": "1.5.2",
      "author": "Arduino",
      "maintainer": "Arduino \u003cinfo@arduino.cc\u003e",
      "sentence": "Easly connect your Arduino/Genuino board to the Arduino Cloud",
      "paragraph": "Easly connect your Arduino/Genuino board to the Arduino Cloud",
      "website": "https://github.com/arduino-libraries/ArduinoCloudThing",
      "category": "Communication",
      "architectures": ["*"],
      "types": ["Arduino", "Retired"],
      "repository": "https://github.com/arduino-libraries/ArduinoCloudThing.git",
      "url": "${base_download_url}github.com/arduino-libraries/ArduinoCloudThing-1.5.2.zip",
      "archiveFileName": "ArduinoCloudThing-1.5.2.zip",
      "size": 235026,
      "checksum": "${checksum_placeholder}"
    },
    {
      "name": "ArduinoCloudThing",
      "version": "1.5.3",
      "author": "Arduino",
      "maintainer": "Arduino \u003cinfo@arduino.cc\u003e",
      "sentence": "Easly connect your Arduino/Genuino board to the Arduino Cloud",
      "paragraph": "Easly connect your Arduino/Genuino board to the Arduino Cloud",
      "website": "https://github.com/arduino-libraries/ArduinoCloudThing",
      "category": "Communication",
      "architectures": ["*"],
      "types": ["Arduino", "Retired"],
      "repository": "https://github.com/arduino-libraries/ArduinoCloudThing.git",
      "url": "${base_download_url}github.com/arduino-libraries/ArduinoCloudThing-1.5.3.zip",
      "archiveFileName": "ArduinoCloudThing-1.5.3.zip",
      "size": 235034,
      "checksum": "${checksum_placeholder}"
    },
    {
      "name": "ArduinoCloudThing",
      "version": "1.5.4",
      "author": "Arduino",
      "maintainer": "Arduino \u003cinfo@arduino.cc\u003e",
      "sentence": "Easly connect your Arduino/Genuino board to the Arduino Cloud",
      "paragraph": "Easly connect your Arduino/Genuino board to the Arduino Cloud",
      "website": "https://github.com/arduino-libraries/ArduinoCloudThing",
      "category": "Communication",
      "architectures": ["*"],
      "types": ["Arduino", "Retired"],
      "repository": "https://github.com/arduino-libraries/ArduinoCloudThing.git",
      "url": "${base_download_url}github.com/arduino-libraries/ArduinoCloudThing-1.5.4.zip",
      "archiveFileName": "ArduinoCloudThing-1.5.4.zip",
      "size": 236072,
      "checksum": "${checksum_placeholder}"
    },
    {
      "name": "ArduinoCloudThing",
      "version": "1.6.0",
      "author": "Arduino",
      "maintainer": "Arduino \u003cinfo@arduino.cc\u003e",
      "sentence": "Easly connect your Arduino/Genuino board to the Arduino Cloud",
      "paragraph": "Easly connect your Arduino/Genuino board to the Arduino Cloud",
      "website": "https://github.com/arduino-libraries/ArduinoCloudThing",
      "category": "Communication",
      "architectures": ["*"],
      "types": ["Arduino", "Retired"],
      "repository": "https://github.com/arduino-libraries/ArduinoCloudThing.git",
      "url": "${base_download_url}github.com/arduino-libraries/ArduinoCloudThing-1.6.0.zip",
      "archiveFileName": "ArduinoCloudThing-1.6.0.zip",
      "size": 244091,
      "checksum": "${checksum_placeholder}"
    },
    {
      "name": "ArduinoCloudThing",
      "version": "1.6.1",
      "author": "Arduino",
      "maintainer": "Arduino \u003cinfo@arduino.cc\u003e",
      "sentence": "Easly connect your Arduino/Genuino board to the Arduino Cloud",
      "paragraph": "Easly connect your Arduino/Genuino board to the Arduino Cloud",
      "website": "https://github.com/arduino-libraries/ArduinoCloudThing",
      "category": "Communication",
      "architectures": ["*"],
      "types": ["Arduino", "Retired"],
      "repository": "https://github.com/arduino-libraries/ArduinoCloudThing.git",
      "url": "${base_download_url}github.com/arduino-libraries/ArduinoCloudThing-1.6.1.zip",
      "archiveFileName": "ArduinoCloudThing-1.6.1.zip",
      "size": 244762,
      "checksum": "${checksum_placeholder}"
    },
    {
      "name": "ArduinoCloudThing",
      "version": "1.6.2",
      "author": "Arduino",
      "maintainer": "Arduino \u003cinfo@arduino.cc\u003e",
      "sentence": "Easly connect your Arduino/Genuino board to the Arduino Cloud",
      "paragraph": "Easly connect your Arduino/Genuino board to the Arduino Cloud",
      "website": "https://github.com/arduino-libraries/ArduinoCloudThing",
      "category": "Communication",
      "architectures": ["*"],
      "types": ["Arduino", "Retired"],
      "repository": "https://github.com/arduino-libraries/ArduinoCloudThing.git",
      "url": "${base_download_url}github.com/arduino-libraries/ArduinoCloudThing-1.6.2.zip",
      "archiveFileName": "ArduinoCloudThing-1.6.2.zip",
      "size": 244928,
      "checksum": "${checksum_placeholder}"
    },
    {
      "name": "ArduinoCloudThing",
      "version": "1.6.3",
      "author": "Arduino",
      "maintainer": "Arduino \u003cinfo@arduino.cc\u003e",
      "sentence": "Easly connect your Arduino/Genuino board to the Arduino Cloud",
      "paragraph": "Easly connect your Arduino/Genuino board to the Arduino Cloud",
      "website": "https://github.com/arduino-libraries/ArduinoCloudThing",
      "category": "Communication",
      "architectures": ["*"],
      "types": ["Arduino", "Retired"],
      "repository": "https://github.com/arduino-libraries/ArduinoCloudThing.git",
      "url": "${base_download_url}github.com/arduino-libraries/ArduinoCloudThing-1.6.3.zip",
      "archiveFileName": "ArduinoCloudThing-1.6.3.zip",
      "size": 242430,
      "checksum": "${checksum_placeholder}"
    },
    {
      "name": "ArduinoCloudThing",
      "version": "1.6.4",
      "author": "Arduino",
      "maintainer": "Arduino \u003cinfo@arduino.cc\u003e",
      "sentence": "Easly connect your Arduino/Genuino board to the Arduino Cloud",
      "paragraph": "Easly connect your Arduino/Genuino board to the Arduino Cloud",
      "website": "https://github.com/arduino-libraries/ArduinoCloudThing",
      "category": "Communication",
      "architectures": ["*"],
      "types": ["Arduino", "Retired"],
      "repository": "https://github.com/arduino-libraries/ArduinoCloudThing.git",
      "url": "${base_download_url}github.com/arduino-libraries/ArduinoCloudThing-1.6.4.zip",
      "archiveFileName": "ArduinoCloudThing-1.6.4.zip",
      "size": 244979,
      "checksum": "${checksum_placeholder}"
    },
    {
      "name": "ArduinoCloudThing",
      "version": "1.6.5",
      "author": "Arduino",
      "maintainer": "Arduino \u003cinfo@arduino.cc\u003e",
      "sentence": "Easly connect your Arduino/Genuino board to the Arduino Cloud",
      "paragraph": "Easly connect your Arduino/Genuino board to the Arduino Cloud",
      "website": "https://github.com/arduino-libraries/ArduinoCloudThing",
      "category": "Communication",
      "architectures": ["*"],
      "types": ["Arduino", "Retired"],
      "repository": "https://github.com/arduino-libraries/ArduinoCloudThing.git",
      "dependencies": [{ "name": "RTCZero" }],
      "url": "${base_download_url}github.com/arduino-libraries/ArduinoCloudThing-1.6.5.zip",
      "archiveFileName": "ArduinoCloudThing-1.6.5.zip",
      "size": 244990,
      "checksum": "${checksum_placeholder}"
    },
    {
      "name": "ArduinoCloudThing",
      "version": "1.7.0",
      "author": "Arduino",
      "maintainer": "Arduino \u003cinfo@arduino.cc\u003e",
      "sentence": "Easly connect your Arduino/Genuino board to the Arduino Cloud",
      "paragraph": "Easly connect your Arduino/Genuino board to the Arduino Cloud",
      "website": "https://github.com/arduino-libraries/ArduinoCloudThing",
      "category": "Communication",
      "architectures": ["*"],
      "types": ["Arduino", "Retired"],
      "repository": "https://github.com/arduino-libraries/ArduinoCloudThing.git",
      "dependencies": [{ "name": "RTCZero" }],
      "url": "${base_download_url}github.com/arduino-libraries/ArduinoCloudThing-1.7.0.zip",
      "archiveFileName": "ArduinoCloudThing-1.7.0.zip",
      "size": 246815,
      "checksum": "${checksum_placeholder}"
    },
    {
      "name": "ArduinoCloudThing",
      "version": "1.7.1",
      "author": "Arduino",
      "maintainer": "Arduino \u003cinfo@arduino.cc\u003e",
      "sentence": "Easly connect your Arduino/Genuino board to the Arduino Cloud",
      "paragraph": "Easly connect your Arduino/Genuino board to the Arduino Cloud",
      "website": "https://github.com/arduino-libraries/ArduinoCloudThing",
      "category": "Communication",
      "architectures": ["*"],
      "types": ["Arduino", "Retired"],
      "repository": "https://github.com/arduino-libraries/ArduinoCloudThing.git",
      "dependencies": [{ "name": "RTCZero" }],
      "url": "${base_download_url}github.com/arduino-libraries/ArduinoCloudThing-1.7.1.zip",
      "archiveFileName": "ArduinoCloudThing-1.7.1.zip",
      "size": 246817,
      "checksum": "${checksum_placeholder}"
    },
    {
      "name": "ArduinoCloudThing",
      "version": "1.7.2",
      "author": "Arduino",
      "maintainer": "Arduino \u003cinfo@arduino.cc\u003e",
      "sentence": "Easly connect your Arduino/Genuino board to the Arduino Cloud",
      "paragraph": "Easly connect your Arduino/Genuino board to the Arduino Cloud",
      "website": "https://github.com/arduino-libraries/ArduinoCloudThing",
      "category": "Communication",
      "architectures": ["*"],
      "types": ["Arduino", "Retired"],
      "repository": "https://github.com/arduino-libraries/ArduinoCloudThing.git",
      "dependencies": [{ "name": "RTCZero" }],
      "url": "${base_download_url}github.com/arduino-libraries/ArduinoCloudThing-1.7.2.zip",
      "archiveFileName": "ArduinoCloudThing-1.7.2.zip",
      "size": 246968,
      "checksum": "${checksum_placeholder}"
    },
    {
      "name": "ArduinoCloudThing",
      "version": "1.7.3",
      "author": "Arduino",
      "maintainer": "Arduino \u003cinfo@arduino.cc\u003e",
      "sentence": "Easly connect your Arduino/Genuino board to the Arduino Cloud",
      "paragraph": "Easly connect your Arduino/Genuino board to the Arduino Cloud",
      "website": "https://github.com/arduino-libraries/ArduinoCloudThing",
      "category": "Communication",
      "architectures": ["*"],
      "types": ["Arduino", "Retired"],
      "repository": "https://github.com/arduino-libraries/ArduinoCloudThing.git",
      "dependencies": [{ "name": "RTCZero" }],
      "url": "${base_download_url}github.com/arduino-libraries/ArduinoCloudThing-1.7.3.zip",
      "archiveFileName": "ArduinoCloudThing-1.7.3.zip",
      "size": 246899,
      "checksum": "${checksum_placeholder}"
    },
    {
      "name": "SpacebrewYun",
      "version": "1.0.0",
      "author": "Julio Terra",
      "maintainer": "Julio Terra \u003cjulioterra@gmail.com\u003e",
      "sentence": "Enables the communication between interactive objects using WebSockets. For Arduino Yún only.",
      "paragraph": "This library was developed to enable you to easily connect the Arduino Yún to Spacebrew. To learn more about Spacebrew visit Spacebrew.cc",
      "website": "https://github.com/julioterra/yunSpacebrew",
      "category": "Communication",
      "architectures": ["avr"],
      "types": ["Contributed"],
      "repository": "https://github.com/arduino-libraries/SpacebrewYun.git",
      "url": "${base_download_url}github.com/arduino-libraries/SpacebrewYun-1.0.0.zip",
      "archiveFileName": "SpacebrewYun-1.0.0.zip",
      "size": 6245,
      "checksum": "${checksum_placeholder}"
    },
    {
      "name": "SpacebrewYun",
      "version": "1.0.1",
      "author": "Julio Terra",
      "maintainer": "Julio Terra \u003cjulioterra@gmail.com\u003e",
      "sentence": "Enables the communication between interactive objects using WebSockets. For Arduino Yún only.",
      "paragraph": "This library was developed to enable you to easily connect the Arduino Yún to Spacebrew. To learn more about Spacebrew visit Spacebrew.cc",
      "website": "https://github.com/julioterra/yunSpacebrew",
      "category": "Communication",
      "architectures": ["avr"],
      "types": ["Contributed"],
      "repository": "https://github.com/arduino-libraries/SpacebrewYun.git",
      "url": "${base_download_url}github.com/arduino-libraries/SpacebrewYun-1.0.1.zip",
      "archiveFileName": "SpacebrewYun-1.0.1.zip",
      "size": 12604,
      "checksum": "${checksum_placeholder}"
    },
    {
      "name": "SpacebrewYun",
      "version": "1.0.2",
      "author": "Julio Terra",
      "maintainer": "Julio Terra \u003cjulioterra@gmail.com\u003e",
      "sentence": "Enables the communication between interactive objects using WebSockets. For Arduino Yún only.",
      "paragraph": "This library was developed to enable you to easily connect the Arduino Yún to Spacebrew. To learn more about Spacebrew visit Spacebrew.cc",
      "website": "https://github.com/julioterra/yunSpacebrew",
      "category": "Communication",
      "architectures": ["avr"],
      "types": ["Contributed"],
      "repository": "https://github.com/arduino-libraries/SpacebrewYun.git",
      "dependencies": [{ "name": "Bridge" }],
      "url": "${base_download_url}github.com/arduino-libraries/SpacebrewYun-1.0.2.zip",
      "archiveFileName": "SpacebrewYun-1.0.2.zip",
      "size": 12606,
      "checksum": "${checksum_placeholder}"
    }
  ]
}
